┌─────────┬──────┬──────────┬────────┬────────────────────┬───────────────────────┬────────────────────┬─────────────────────┬────────────────────┬────────────────────┬────────────────────┬────────────────────┬──────────┬──────────┬────────────────────┬──────────────────────┬───────────────────────────────────────────────────────────────────┬─────────┬─────────┬──────────┬───────────┐
│ (index) │ seed │ eligible │ score  │ mainAboveWater     │ secondaryAboveWater   │ saddleDepth        │ footprintFraction   │ ratio              │ peak               │ secondary          │ saddle             │ main     │ second   │ dryHeightFraction  │ dryAreaFraction      │ biomePct                                                          │ gullies │ speckle │ clipping │ terms     │
├─────────┼──────┼──────────┼────────┼────────────────────┼───────────────────────┼────────────────────┼─────────────────────┼────────────────────┼────────────────────┼────────────────────┼────────────────────┼──────────┼──────────┼────────────────────┼──────────────────────┼───────────────────────────────────────────────────────────────────┼─────────┼─────────┼──────────┼───────────┤
│ 0       │ 166  │ true     │ 95.329 │ 0.5299999046325685 │ -0.03244764328002914  │ 0.6782936525344847 │ 0.411381057244299   │ 0.7836740120988264 │ 2.7799999046325685 │ 2.217552356719971  │ 1.571706347465515  │ [Object] │ [Object] │ 0.2038461246434038 │ 0.03498304896725759  │ '42.92150965771197 / 6.465934558163602 / 50.61255578412436 / 0'   │ 4       │ 0       │ 0        │ undefined │
│ 1       │ 155  │ true     │ 95.165 │ 0.5299999046325685 │ -0.004211969375610192 │ 0.6082452011108397 │ 0.41847567804474434 │ 0.7945338870757869 │ 2.7799999046325685 │ 2.24578803062439   │ 1.64175479888916   │ [Object] │ [Object] │ 0.2038461246434038 │ 0.040285760976162995 │ '40.91884114126121 / 4.392890894065219 / 54.68826796467364 / 0'   │ 5       │ 0       │ 0        │ undefined │
│ 2       │ 167  │ true     │ 94.673 │ 0.5299999046325685 │ 0.012276582717895668  │ 0.6610110473632811 │ 0.4216951683203931  │ 0.8008756381135954 │ 2.7799999046325685 │ 2.2622765827178957 │ 1.5889889526367187 │ [Object] │ [Object] │ 0.2038461246434038 │ 0.034610579532359104 │ '40.95856619394886 / 8.44934823609804 / 50.59208556995316 / 0'    │ 5       │ 0       │ 0        │ undefined │
│ 3       │ 71   │ true     │ 94.522 │ 0.5299999046325685 │ -0.03669721603393539  │ 0.6204326820373534 │ 0.41747936149770304 │ 0.7820395609796803 │ 2.7799999046325685 │ 2.2133027839660646 │ 1.6295673179626464 │ [Object] │ [Object] │ 0.2038461246434038 │ 0.03978430333603379  │ '43.71694334047774 / 2.8720617132298987 / 53.41099494629235 / 0'  │ 2       │ 0       │ 0        │ undefined │
│ 4       │ 234  │ true     │ 93.832 │ 0.5299999046325685 │ -0.005526847839355309 │ 0.5976030302047728 │ 0.41636259736637043 │ 0.7940281645711812 │ 2.7799999046325685 │ 2.2444731521606447 │ 1.652396969795227  │ [Object] │ [Object] │ 0.2038461246434038 │ 0.0406206677420778   │ '42.516690645118366 / 2.759725007125952 / 54.723584347755725 / 0' │ 4       │ 0       │ 0        │ undefined │
│ 5       │ 32   │ true     │ 93.545 │ 0.5299999046325685 │ -0.06604749679565414  │ 0.6449776363372801 │ 0.41022296900224936 │ 0.77075099104188   │ 2.7799999046325685 │ 2.183952503204346  │ 1.6050223636627197 │ [Object] │ [Object] │ 0.2038461246434038 │ 0.043956266072402786 │ '41.61392338865163 / 3.4707798814749555 / 54.915296729873376 / 0' │ 6       │ 0       │ 0        │ undefined │
│ 6       │ 139  │ true     │ 92.895 │ 0.5299999046325685 │ -0.06797177314758285  │ 0.6854379844665526 │ 0.4115566894623607  │ 0.7700108847255298 │ 2.7799999046325685 │ 2.182028226852417  │ 1.5645620155334472 │ [Object] │ [Object] │ 0.2038461246434038 │ 0.036083184091687044 │ '39.54659015337656 / 5.790670694755816 / 54.6627391518676 / 0'    │ 5       │ 0       │ 0        │ undefined │
│ 7       │ 13   │ true     │ 92.89  │ 0.5299999046325685 │ -0.061341352462768395 │ 0.675964422225952  │ 0.40897712073671977 │ 0.7725610466209208 │ 2.7799999046325685 │ 2.1886586475372316 │ 1.5740355777740478 │ [Object] │ [Object] │ 0.2038461246434038 │ 0.044808486323446875 │ '41.963679119071436 / 3.2672286733485665 / 54.7690922075799 / 0'  │ 4       │ 0       │ 0        │ undefined │
│ 8       │ 173  │ true     │ 92.226 │ 0.5299999046325685 │ -0.04639036178588851  │ 0.6268560361862181 │ 0.41178605491436665 │ 0.7783114278614128 │ 2.7799999046325685 │ 2.2036096382141115 │ 1.6231439638137817 │ [Object] │ [Object] │ 0.2038461246434038 │ 0.03623984761228683  │ '41.18858844346717 / 4.17769845117432 / 54.633713105358424 / 0'   │ 2       │ 0       │ 0        │ undefined │
└─────────┴──────┴──────────┴────────┴────────────────────┴───────────────────────┴────────────────────┴─────────────────────┴────────────────────┴────────────────────┴────────────────────┴────────────────────┴──────────┴──────────┴────────────────────┴──────────────────────┴───────────────────────────────────────────────────────────────────┴─────────┴─────────┴──────────┴───────────┘
Height-field ablations [
  {
    "options": {
      "warp": 0,
      "erosion": 0,
      "carve": 0
    },
    "unwarped": {
      "min": 0,
      "max": 2.9340569972991943,
      "mean": 0.8366531832451708,
      "rms": 1.1116125939132864
    },
    "warped": {
      "min": 0,
      "max": 2.9340569972991943,
      "mean": 0.8366531832451708,
      "rms": 1.1116125939132864
    },
    "thermal": {
      "min": 0,
      "max": 2.9340569972991943,
      "mean": 0.8366531832451708,
      "rms": 1.1116125939132864
    },
    "carved": {
      "min": 0,
      "max": 2.9340569972991943,
      "mean": 0.8366531832451708,
      "rms": 1.1116125939132864
    },
    "warpChange": {
      "meanAbsolute": 0,
      "maxAbsolute": 0,
      "changed": 0
    },
    "thermalChange": {
      "meanAbsolute": 0,
      "maxAbsolute": 0,
      "changed": 0
    },
    "carveChange": {
      "meanAbsolute": 0,
      "maxAbsolute": 0,
      "changed": 0
    },
    "dropletPaths": 0,
    "gullyCount": 0,
    "gullyVertices": 0,
    "maximumIncision": 0
  },
  {
    "options": {
      "erosion": 0,
      "carve": 0
    },
    "unwarped": {
      "min": 0,
      "max": 2.928971290588379,
      "mean": 0.8424471930649465,
      "rms": 1.1237835896546065
    },
    "warped": {
      "min": 0,
      "max": 2.9638566970825195,
      "mean": 0.8475328426358578,
      "rms": 1.1344140838426362
    },
    "thermal": {
      "min": 0,
      "max": 2.9638566970825195,
      "mean": 0.8475328426358578,
      "rms": 1.1344140838426362
    },
    "carved": {
      "min": 0,
      "max": 2.9638566970825195,
      "mean": 0.8475328426358578,
      "rms": 1.1344140838426362
    },
    "warpChange": {
      "meanAbsolute": 0.03775667450553612,
      "maxAbsolute": 0.2687597870826721,
      "changed": 1396
    },
    "thermalChange": {
      "meanAbsolute": 0,
      "maxAbsolute": 0,
      "changed": 0
    },
    "carveChange": {
      "meanAbsolute": 0,
      "maxAbsolute": 0,
      "changed": 0
    },
    "dropletPaths": 0,
    "gullyCount": 0,
    "gullyVertices": 0,
    "maximumIncision": 0
  },
  {
    "options": {
      "carve": 0
    },
    "unwarped": {
      "min": 0,
      "max": 2.928971290588379,
      "mean": 0.8424471930649465,
      "rms": 1.1237835896546065
    },
    "warped": {
      "min": 0,
      "max": 2.9638566970825195,
      "mean": 0.8475328426358578,
      "rms": 1.1344140838426362
    },
    "thermal": {
      "min": 0,
      "max": 2.928426742553711,
      "mean": 0.8475328457871797,
      "rms": 1.1254525747390325
    },
    "carved": {
      "min": 0,
      "max": 2.928426742553711,
      "mean": 0.8475328457871797,
      "rms": 1.1254525747390325
    },
    "warpChange": {
      "meanAbsolute": 0.03775667450553612,
      "maxAbsolute": 0.2687597870826721,
      "changed": 1396
    },
    "thermalChange": {
      "meanAbsolute": 0.021315705728309507,
      "maxAbsolute": 0.163274884223938,
      "changed": 1120
    },
    "carveChange": {
      "meanAbsolute": 0,
      "maxAbsolute": 0,
      "changed": 0
    },
    "dropletPaths": 0,
    "gullyCount": 0,
    "gullyVertices": 0,
    "maximumIncision": 0
  },
  {
    "options": {},
    "unwarped": {
      "min": 0,
      "max": 2.928971290588379,
      "mean": 0.8424471930649465,
      "rms": 1.1237835896546065
    },
    "warped": {
      "min": 0,
      "max": 2.9638566970825195,
      "mean": 0.8475328426358578,
      "rms": 1.1344140838426362
    },
    "thermal": {
      "min": 0,
      "max": 2.928426742553711,
      "mean": 0.8475328457871797,
      "rms": 1.1254525747390325
    },
    "carved": {
      "min": 0,
      "max": 2.884366512298584,
      "mean": 0.7968950473150854,
      "rms": 1.0701512332296408
    },
    "warpChange": {
      "meanAbsolute": 0.03775667450553612,
      "maxAbsolute": 0.2687597870826721,
      "changed": 1396
    },
    "thermalChange": {
      "meanAbsolute": 0.021315705728309507,
      "maxAbsolute": 0.163274884223938,
      "changed": 1120
    },
    "carveChange": {
      "meanAbsolute": 0.05063779847209422,
      "maxAbsolute": 0.22593510150909424,
      "changed": 1211
    },
    "dropletPaths": 420,
    "gullyCount": 4,
    "gullyVertices": 541,
    "maximumIncision": 0.23999999463558197
  }
]
